
> temp-app@0.0.0 build
> tsc -b && vite build

src/pages/Community/DiscussionDetail.tsx(3,86): error TS6133: 'ImageIcon' is declared but its value is never read.
